 
****************************************
Report : timing
        -path full
        -delay max
        -derate
        -input_pins
        -nets
        -slack_lesser_than 0.0000
        -max_paths 10000
        -transition_time
        -crosstalk_delta
        -capacitance
Design : adder_1b
Version: Q-2019.12-SP3
Date   : Thu Feb  2 18:42:47 2023
****************************************

Operating Conditions: ss0p95v125c   Library: saed32rvt_ss0p95v125c
Wire Load Model Mode: enclosed

  Startpoint: A[0] (input port)
  Endpoint: Sum[3] (output port)
  Path Group: default
  Path Type: max

  Des/Clust/Port     Wire Load Model       Library
  ------------------------------------------------
  adder_1b           ForQA                 saed32rvt_ss0p95v125c

  Point                        Fanout       Cap     DTran     Trans     Delta     Derate      Incr       Path
  --------------------------------------------------------------------------------------------------------------
  input external delay                                                                      0.0000     0.0000 r
  A[0] (in)                                                  0.0000                         0.0000     0.0000 r
  A[0] (net)                     2       3.7670                                             0.0000     0.0000 r
  FA_0/x (FA_3)                                                                             0.0000     0.0000 r
  FA_0/x (net)                           3.7670                                             0.0000     0.0000 r
  FA_0/U1/A (FADDX1_RVT)                           0.0000    0.0000    0.0000               0.0000     0.0000 r
  FA_0/U1/CO (FADDX1_RVT)                                    0.0477                         0.0948     0.0948 r
  FA_0/Cout_FA (net)             2       1.6507                                             0.0000     0.0948 r
  FA_0/Cout_FA (FA_3)                                                                       0.0000     0.0948 r
  Carry[0] (net)                         1.6507                                             0.0000     0.0948 r
  FA_1/C_FA (FA_2)                                                                          0.0000     0.0948 r
  FA_1/C_FA (net)                        1.6507                                             0.0000     0.0948 r
  FA_1/U3/A4 (OA22X1_RVT)                          0.0000    0.0477    0.0000               0.0000     0.0948 r
  FA_1/U3/Y (OA22X1_RVT)                                     0.0390                         0.0760     0.1708 r
  FA_1/Cout_FA (net)             2       1.6507                                             0.0000     0.1708 r
  FA_1/Cout_FA (FA_2)                                                                       0.0000     0.1708 r
  Carry[1] (net)                         1.6507                                             0.0000     0.1708 r
  FA_2/C_FA (FA_1)                                                                          0.0000     0.1708 r
  FA_2/C_FA (net)                        1.6507                                             0.0000     0.1708 r
  FA_2/U4/A4 (OA22X1_RVT)                          0.0000    0.0390    0.0000               0.0000     0.1708 r
  FA_2/U4/Y (OA22X1_RVT)                                     0.0458                         0.0796     0.2505 r
  FA_2/Cout_FA (net)             2       2.5019                                             0.0000     0.2505 r
  FA_2/Cout_FA (FA_1)                                                                       0.0000     0.2505 r
  Carry[2] (net)                         2.5019                                             0.0000     0.2505 r
  FA_3/C_FA (FA_0)                                                                          0.0000     0.2505 r
  FA_3/C_FA (net)                        2.5019                                             0.0000     0.2505 r
  FA_3/U1/A3 (XOR3X1_RVT)                          0.0000    0.0458    0.0000               0.0000     0.2505 r
  FA_3/U1/Y (XOR3X1_RVT)                                     0.0399                         0.0635     0.3140 f
  FA_3/Sum_FA (net)              1       0.2433                                             0.0000     0.3140 f
  FA_3/Sum_FA (FA_0)                                                                        0.0000     0.3140 f
  Sum[3] (net)                           0.2433                                             0.0000     0.3140 f
  Sum[3] (out)                                     0.0000    0.0399    0.0000               0.0000     0.3140 f
  data arrival time                                                                                    0.3140

  max_delay                                                                                 0.0000     0.0000
  output external delay                                                                     0.0000     0.0000
  data required time                                                                                   0.0000
  --------------------------------------------------------------------------------------------------------------
  data required time                                                                                   0.0000
  data arrival time                                                                                   -0.3140
  --------------------------------------------------------------------------------------------------------------
  slack (VIOLATED)                                                                                    -0.3140


  Startpoint: A[0] (input port)
  Endpoint: Cout (output port)
  Path Group: default
  Path Type: max

  Des/Clust/Port     Wire Load Model       Library
  ------------------------------------------------
  adder_1b           ForQA                 saed32rvt_ss0p95v125c

  Point                        Fanout       Cap     DTran     Trans     Delta     Derate      Incr       Path
  --------------------------------------------------------------------------------------------------------------
  input external delay                                                                      0.0000     0.0000 r
  A[0] (in)                                                  0.0000                         0.0000     0.0000 r
  A[0] (net)                     2       3.7670                                             0.0000     0.0000 r
  FA_0/x (FA_3)                                                                             0.0000     0.0000 r
  FA_0/x (net)                           3.7670                                             0.0000     0.0000 r
  FA_0/U1/A (FADDX1_RVT)                           0.0000    0.0000    0.0000               0.0000     0.0000 r
  FA_0/U1/CO (FADDX1_RVT)                                    0.0477                         0.0948     0.0948 r
  FA_0/Cout_FA (net)             2       1.6507                                             0.0000     0.0948 r
  FA_0/Cout_FA (FA_3)                                                                       0.0000     0.0948 r
  Carry[0] (net)                         1.6507                                             0.0000     0.0948 r
  FA_1/C_FA (FA_2)                                                                          0.0000     0.0948 r
  FA_1/C_FA (net)                        1.6507                                             0.0000     0.0948 r
  FA_1/U3/A4 (OA22X1_RVT)                          0.0000    0.0477    0.0000               0.0000     0.0948 r
  FA_1/U3/Y (OA22X1_RVT)                                     0.0390                         0.0760     0.1708 r
  FA_1/Cout_FA (net)             2       1.6507                                             0.0000     0.1708 r
  FA_1/Cout_FA (FA_2)                                                                       0.0000     0.1708 r
  Carry[1] (net)                         1.6507                                             0.0000     0.1708 r
  FA_2/C_FA (FA_1)                                                                          0.0000     0.1708 r
  FA_2/C_FA (net)                        1.6507                                             0.0000     0.1708 r
  FA_2/U4/A4 (OA22X1_RVT)                          0.0000    0.0390    0.0000               0.0000     0.1708 r
  FA_2/U4/Y (OA22X1_RVT)                                     0.0458                         0.0796     0.2505 r
  FA_2/Cout_FA (net)             2       2.5019                                             0.0000     0.2505 r
  FA_2/Cout_FA (FA_1)                                                                       0.0000     0.2505 r
  Carry[2] (net)                         2.5019                                             0.0000     0.2505 r
  FA_3/C_FA (FA_0)                                                                          0.0000     0.2505 r
  FA_3/C_FA (net)                        2.5019                                             0.0000     0.2505 r
  FA_3/U3/A3 (AO22X1_RVT)                          0.0000    0.0458    0.0000               0.0000     0.2505 r
  FA_3/U3/Y (AO22X1_RVT)                                     0.0284                         0.0622     0.3127 r
  FA_3/Cout_FA (net)             1       0.2433                                             0.0000     0.3127 r
  FA_3/Cout_FA (FA_0)                                                                       0.0000     0.3127 r
  Cout (net)                             0.2433                                             0.0000     0.3127 r
  Cout (out)                                       0.0000    0.0284    0.0000               0.0000     0.3127 r
  data arrival time                                                                                    0.3127

  max_delay                                                                                 0.0000     0.0000
  output external delay                                                                     0.0000     0.0000
  data required time                                                                                   0.0000
  --------------------------------------------------------------------------------------------------------------
  data required time                                                                                   0.0000
  data arrival time                                                                                   -0.3127
  --------------------------------------------------------------------------------------------------------------
  slack (VIOLATED)                                                                                    -0.3127


  Startpoint: A[0] (input port)
  Endpoint: Sum[2] (output port)
  Path Group: default
  Path Type: max

  Des/Clust/Port     Wire Load Model       Library
  ------------------------------------------------
  adder_1b           ForQA                 saed32rvt_ss0p95v125c
  FA_1               ForQA                 saed32rvt_ss0p95v125c

  Point                        Fanout       Cap     DTran     Trans     Delta     Derate      Incr       Path
  --------------------------------------------------------------------------------------------------------------
  input external delay                                                                      0.0000     0.0000 r
  A[0] (in)                                                  0.0000                         0.0000     0.0000 r
  A[0] (net)                     2       3.7670                                             0.0000     0.0000 r
  FA_0/x (FA_3)                                                                             0.0000     0.0000 r
  FA_0/x (net)                           3.7670                                             0.0000     0.0000 r
  FA_0/U1/A (FADDX1_RVT)                           0.0000    0.0000    0.0000               0.0000     0.0000 r
  FA_0/U1/CO (FADDX1_RVT)                                    0.0477                         0.0948     0.0948 r
  FA_0/Cout_FA (net)             2       1.6507                                             0.0000     0.0948 r
  FA_0/Cout_FA (FA_3)                                                                       0.0000     0.0948 r
  Carry[0] (net)                         1.6507                                             0.0000     0.0948 r
  FA_1/C_FA (FA_2)                                                                          0.0000     0.0948 r
  FA_1/C_FA (net)                        1.6507                                             0.0000     0.0948 r
  FA_1/U3/A4 (OA22X1_RVT)                          0.0000    0.0477    0.0000               0.0000     0.0948 r
  FA_1/U3/Y (OA22X1_RVT)                                     0.0390                         0.0760     0.1708 r
  FA_1/Cout_FA (net)             2       1.6507                                             0.0000     0.1708 r
  FA_1/Cout_FA (FA_2)                                                                       0.0000     0.1708 r
  Carry[1] (net)                         1.6507                                             0.0000     0.1708 r
  FA_2/C_FA (FA_1)                                                                          0.0000     0.1708 r
  FA_2/C_FA (net)                        1.6507                                             0.0000     0.1708 r
  FA_2/U2/A (NBUFFX2_RVT)                          0.0000    0.0390    0.0000               0.0000     0.1708 r
  FA_2/U2/Y (NBUFFX2_RVT)                                    0.0253                         0.0513     0.2221 r
  FA_2/n2 (net)                  1       1.6471                                             0.0000     0.2221 r
  FA_2/U1/A3 (XOR3X1_RVT)                          0.0000    0.0253    0.0000               0.0000     0.2221 r
  FA_2/U1/Y (XOR3X1_RVT)                                     0.0399                         0.0567     0.2789 f
  FA_2/Sum_FA (net)              1       0.2433                                             0.0000     0.2789 f
  FA_2/Sum_FA (FA_1)                                                                        0.0000     0.2789 f
  Sum[2] (net)                           0.2433                                             0.0000     0.2789 f
  Sum[2] (out)                                     0.0000    0.0399    0.0000               0.0000     0.2789 f
  data arrival time                                                                                    0.2789

  max_delay                                                                                 0.0000     0.0000
  output external delay                                                                     0.0000     0.0000
  data required time                                                                                   0.0000
  --------------------------------------------------------------------------------------------------------------
  data required time                                                                                   0.0000
  data arrival time                                                                                   -0.2789
  --------------------------------------------------------------------------------------------------------------
  slack (VIOLATED)                                                                                    -0.2789


  Startpoint: A[0] (input port)
  Endpoint: Sum[1] (output port)
  Path Group: default
  Path Type: max

  Des/Clust/Port     Wire Load Model       Library
  ------------------------------------------------
  adder_1b           ForQA                 saed32rvt_ss0p95v125c
  FA_2               ForQA                 saed32rvt_ss0p95v125c

  Point                        Fanout       Cap     DTran     Trans     Delta     Derate      Incr       Path
  --------------------------------------------------------------------------------------------------------------
  input external delay                                                                      0.0000     0.0000 r
  A[0] (in)                                                  0.0000                         0.0000     0.0000 r
  A[0] (net)                     2       3.7670                                             0.0000     0.0000 r
  FA_0/x (FA_3)                                                                             0.0000     0.0000 r
  FA_0/x (net)                           3.7670                                             0.0000     0.0000 r
  FA_0/U1/A (FADDX1_RVT)                           0.0000    0.0000    0.0000               0.0000     0.0000 r
  FA_0/U1/CO (FADDX1_RVT)                                    0.0477                         0.0948     0.0948 r
  FA_0/Cout_FA (net)             2       1.6507                                             0.0000     0.0948 r
  FA_0/Cout_FA (FA_3)                                                                       0.0000     0.0948 r
  Carry[0] (net)                         1.6507                                             0.0000     0.0948 r
  FA_1/C_FA (FA_2)                                                                          0.0000     0.0948 r
  FA_1/C_FA (net)                        1.6507                                             0.0000     0.0948 r
  FA_1/U4/A (NBUFFX2_RVT)                          0.0000    0.0477    0.0000               0.0000     0.0948 r
  FA_1/U4/Y (NBUFFX2_RVT)                                    0.0264                         0.0539     0.1487 r
  FA_1/n2 (net)                  1       1.6471                                             0.0000     0.1487 r
  FA_1/U1/A3 (XOR3X1_RVT)                          0.0000    0.0264    0.0000               0.0000     0.1487 r
  FA_1/U1/Y (XOR3X1_RVT)                                     0.0399                         0.0572     0.2058 f
  FA_1/Sum_FA (net)              1       0.2433                                             0.0000     0.2058 f
  FA_1/Sum_FA (FA_2)                                                                        0.0000     0.2058 f
  Sum[1] (net)                           0.2433                                             0.0000     0.2058 f
  Sum[1] (out)                                     0.0000    0.0399    0.0000               0.0000     0.2058 f
  data arrival time                                                                                    0.2058

  max_delay                                                                                 0.0000     0.0000
  output external delay                                                                     0.0000     0.0000
  data required time                                                                                   0.0000
  --------------------------------------------------------------------------------------------------------------
  data required time                                                                                   0.0000
  data arrival time                                                                                   -0.2058
  --------------------------------------------------------------------------------------------------------------
  slack (VIOLATED)                                                                                    -0.2058


  Startpoint: A[0] (input port)
  Endpoint: Sum[0] (output port)
  Path Group: default
  Path Type: max

  Des/Clust/Port     Wire Load Model       Library
  ------------------------------------------------
  adder_1b           ForQA                 saed32rvt_ss0p95v125c

  Point                        Fanout       Cap     DTran     Trans     Delta     Derate      Incr       Path
  --------------------------------------------------------------------------------------------------------------
  input external delay                                                                      0.0000     0.0000 f
  A[0] (in)                                                  0.0000                         0.0000     0.0000 f
  A[0] (net)                     2       3.7280                                             0.0000     0.0000 f
  FA_0/x (FA_3)                                                                             0.0000     0.0000 f
  FA_0/x (net)                           3.7280                                             0.0000     0.0000 f
  FA_0/U2/A2 (XOR3X2_RVT)                          0.0000    0.0000    0.0000               0.0000     0.0000 f
  FA_0/U2/Y (XOR3X2_RVT)                                     0.0431                         0.1420     0.1420 f
  FA_0/Sum_FA (net)              1       0.2433                                             0.0000     0.1420 f
  FA_0/Sum_FA (FA_3)                                                                        0.0000     0.1420 f
  Sum[0] (net)                           0.2433                                             0.0000     0.1420 f
  Sum[0] (out)                                     0.0000    0.0431    0.0000               0.0000     0.1420 f
  data arrival time                                                                                    0.1420

  max_delay                                                                                 0.0000     0.0000
  output external delay                                                                     0.0000     0.0000
  data required time                                                                                   0.0000
  --------------------------------------------------------------------------------------------------------------
  data required time                                                                                   0.0000
  data arrival time                                                                                   -0.1420
  --------------------------------------------------------------------------------------------------------------
  slack (VIOLATED)                                                                                    -0.1420


1
