 
****************************************
Report : constraint
        -all_violators
Design : adder_1b
Version: Q-2019.12-SP3
Date   : Thu Feb  2 18:42:47 2023
****************************************


   max_delay/setup ('default' group)

                             Required        Actual
   Endpoint                 Path Delay     Path Delay        Slack
   -----------------------------------------------------------------
   Sum[3]                       0.00           0.31 f        -0.31  (VIOLATED)
   Cout                         0.00           0.31 r        -0.31  (VIOLATED)
   Sum[2]                       0.00           0.28 f        -0.28  (VIOLATED)
   Sum[1]                       0.00           0.21 f        -0.21  (VIOLATED)
   Sum[0]                       0.00           0.14 f        -0.14  (VIOLATED)


   max_leakage_power

                             Required        Actual
   Design                   Leakage Power  Leakage Power     Slack
   -----------------------------------------------------------------
   adder_1b                     0.00       3474461.50     -3474461.50
                                                                    (VIOLATED)


1
